PS3 submission check: 24 tests per part, 48 total.

Running testme_part_1.jl
Test Summary:         | Pass  Total  Time
PS3 Part 1 (24 tests) |   24     24  2.3s

Running testme_part_2.jl
Test Summary:         | Pass  Total  Time
PS3 Part 2 (24 tests) |   24     24  1.4s
LoadError: Deliberate reporting failure
Stacktrace:
 [1] error(s::String)
   @ Base ./error.jl:44
 [2] top-level scope
   @ /private/var/folders/82/m7j29m517p9c2201mdkk3m580000gp/T/ps3-validation-f_7k8wnf/src/Reporting.jl:1
 [3] include(mapexpr::Function, mod::Module, _path::String)
   @ Base ./Base.jl:307
 [4] top-level scope
   @ /private/var/folders/82/m7j29m517p9c2201mdkk3m580000gp/T/ps3-validation-f_7k8wnf/check_submission.jl:91
 [5] include(mod::Module, _path::String)
   @ Base ./Base.jl:306
 [6] exec_options(opts::Base.JLOptions)
   @ Base ./client.jl:317
 [7] _start()
   @ Base ./client.jl:550
in expression starting at /private/var/folders/82/m7j29m517p9c2201mdkk3m580000gp/T/ps3-validation-f_7k8wnf/src/Reporting.jl:1

Submission summary
testme_part_1.jl: all tests passed
testme_part_2.jl: all tests passed
Outputs: OUTPUT GENERATION NEEDS ATTENTION
Status: WORK NEEDS ATTENTION
Wrote MANIFEST.txt. Zip the assignment folder, including responses and outputs.
Name it CHEME-4800-5800-PS3-<your netid>.zip and upload it to Canvas yourself.
Submit your current work by the initial deadline even if some tests still fail.
